// Jest Snapshot v1, https://goo.gl/fbAQLP

exports[`<Dashboard /> renders properly 1`] = `
ShallowWrapper {
  "length": 1,
  Symbol(enzyme.__root__): [Circular],
  Symbol(enzyme.__unrendered__): <Dashboard
    fetchPostsRequest={[Function]}
    posts={Object {}}
/>,
  Symbol(enzyme.__renderer__): Object {
    "batchedUpdates": [Function],
    "getNode": [Function],
    "render": [Function],
    "simulateEvent": [Function],
    "unmount": [Function],
  },
  Symbol(enzyme.__node__): Object {
    "instance": null,
    "key": undefined,
    "nodeType": "host",
    "props": Object {
      "children": Array [
        <h3
          className="header"
>
          Blogs
</h3>,
        false,
        false,
        <Link
          className="btn-new"
          replace={false}
          to="/posts/new"
>
          <TextButton
                    className=""
                    id=""
                    onClick={[Function]}
                    onMouseEnter={[Function]}
                    onMouseLeave={[Function]}
                    role="presentation"
                    style={Object {}}
                    type=""
          >
                    New
          </TextButton>
</Link>,
      ],
      "id": "dashboard",
    },
    "ref": null,
    "rendered": Array [
      Object {
        "instance": null,
        "key": undefined,
        "nodeType": "host",
        "props": Object {
          "children": "Blogs",
          "className": "header",
        },
        "ref": null,
        "rendered": "Blogs",
        "type": "h3",
      },
      false,
      false,
      Object {
        "instance": null,
        "key": undefined,
        "nodeType": "class",
        "props": Object {
          "children": <TextButton
            className=""
            id=""
            onClick={[Function]}
            onMouseEnter={[Function]}
            onMouseLeave={[Function]}
            role="presentation"
            style={Object {}}
            type=""
>
            New
</TextButton>,
          "className": "btn-new",
          "replace": false,
          "to": "/posts/new",
        },
        "ref": null,
        "rendered": Object {
          "instance": null,
          "key": undefined,
          "nodeType": "class",
          "props": Object {
            "children": "New",
            "className": "",
            "id": "",
            "onClick": [Function],
            "onMouseEnter": [Function],
            "onMouseLeave": [Function],
            "role": "presentation",
            "style": Object {},
            "type": "",
          },
          "ref": null,
          "rendered": "New",
          "type": [Function],
        },
        "type": [Function],
      },
    ],
    "type": "div",
  },
  Symbol(enzyme.__nodes__): Array [
    Object {
      "instance": null,
      "key": undefined,
      "nodeType": "host",
      "props": Object {
        "children": Array [
          <h3
            className="header"
>
            Blogs
</h3>,
          false,
          false,
          <Link
            className="btn-new"
            replace={false}
            to="/posts/new"
>
            <TextButton
                        className=""
                        id=""
                        onClick={[Function]}
                        onMouseEnter={[Function]}
                        onMouseLeave={[Function]}
                        role="presentation"
                        style={Object {}}
                        type=""
            >
                        New
            </TextButton>
</Link>,
        ],
        "id": "dashboard",
      },
      "ref": null,
      "rendered": Array [
        Object {
          "instance": null,
          "key": undefined,
          "nodeType": "host",
          "props": Object {
            "children": "Blogs",
            "className": "header",
          },
          "ref": null,
          "rendered": "Blogs",
          "type": "h3",
        },
        false,
        false,
        Object {
          "instance": null,
          "key": undefined,
          "nodeType": "class",
          "props": Object {
            "children": <TextButton
              className=""
              id=""
              onClick={[Function]}
              onMouseEnter={[Function]}
              onMouseLeave={[Function]}
              role="presentation"
              style={Object {}}
              type=""
>
              New
</TextButton>,
            "className": "btn-new",
            "replace": false,
            "to": "/posts/new",
          },
          "ref": null,
          "rendered": Object {
            "instance": null,
            "key": undefined,
            "nodeType": "class",
            "props": Object {
              "children": "New",
              "className": "",
              "id": "",
              "onClick": [Function],
              "onMouseEnter": [Function],
              "onMouseLeave": [Function],
              "role": "presentation",
              "style": Object {},
              "type": "",
            },
            "ref": null,
            "rendered": "New",
            "type": [Function],
          },
          "type": [Function],
        },
      ],
      "type": "div",
    },
  ],
  Symbol(enzyme.__options__): Object {
    "adapter": ReactSixteenAdapter {
      "options": Object {
        "enableComponentDidUpdateOnSetState": true,
      },
    },
    "disableLifecycleMethods": true,
  },
}
`;
